// Jest Snapshot v1, https://goo.gl/fbAQLP

exports[`CheckCodeView test renders correctl 1`] = `null`;

exports[`renders correctl 1`] = `null`;
