// Jest Snapshot v1, https://goo.gl/fbAQLP

exports[`passwordloginview test renders correctl 1`] = `null`;
